[2026-06-09 17:11:45,411][utils.utils][INFO] - [rank: 0] Printing config tree with Rich! <cfg.extras.print_config=True>
[2026-06-09 17:11:45,841][__main__][INFO] - [rank: 0] Instantiating model <model.simplefold.SimpleFold>
[2026-06-09 17:12:02,418][utils.utils][ERROR] - [rank: 0] 
Traceback (most recent call last):
  File "/e/project1/crescendo/reim1/ml-simplefold/src/simplefold/utils/utils.py", line 185, in wrap
    task_func(cfg=cfg)
  File "/e/project1/crescendo/reim1/ml-simplefold/src/simplefold/train.py", line 53, in train
    log.info(f"Instantiating datamodule <{cfg.data._target_}>")
  File "/e/project1/crescendo/reim1/ml-simplefold/.venv/lib/python3.10/site-packages/omegaconf/dictconfig.py", line 359, in __getattr__
    self._format_and_raise(key=key, value=None, cause=e)
  File "/e/project1/crescendo/reim1/ml-simplefold/.venv/lib/python3.10/site-packages/omegaconf/base.py", line 231, in _format_and_raise
    format_and_raise(
  File "/e/project1/crescendo/reim1/ml-simplefold/.venv/lib/python3.10/site-packages/omegaconf/_utils.py", line 819, in format_and_raise
    _raise(ex, cause)
  File "/e/project1/crescendo/reim1/ml-simplefold/.venv/lib/python3.10/site-packages/omegaconf/_utils.py", line 797, in _raise
    raise ex.with_traceback(sys.exc_info()[2])  # set env var OC_CAUSE=1 for full trace
  File "/e/project1/crescendo/reim1/ml-simplefold/.venv/lib/python3.10/site-packages/omegaconf/dictconfig.py", line 351, in __getattr__
    return self._get_impl(
  File "/e/project1/crescendo/reim1/ml-simplefold/.venv/lib/python3.10/site-packages/omegaconf/dictconfig.py", line 442, in _get_impl
    node = self._get_child(
  File "/e/project1/crescendo/reim1/ml-simplefold/.venv/lib/python3.10/site-packages/omegaconf/basecontainer.py", line 73, in _get_child
    child = self._get_node(
  File "/e/project1/crescendo/reim1/ml-simplefold/.venv/lib/python3.10/site-packages/omegaconf/dictconfig.py", line 475, in _get_node
    self._validate_get(key)
  File "/e/project1/crescendo/reim1/ml-simplefold/.venv/lib/python3.10/site-packages/omegaconf/dictconfig.py", line 164, in _validate_get
    self._format_and_raise(
  File "/e/project1/crescendo/reim1/ml-simplefold/.venv/lib/python3.10/site-packages/omegaconf/base.py", line 231, in _format_and_raise
    format_and_raise(
  File "/e/project1/crescendo/reim1/ml-simplefold/.venv/lib/python3.10/site-packages/omegaconf/_utils.py", line 899, in format_and_raise
    _raise(ex, cause)
  File "/e/project1/crescendo/reim1/ml-simplefold/.venv/lib/python3.10/site-packages/omegaconf/_utils.py", line 797, in _raise
    raise ex.with_traceback(sys.exc_info()[2])  # set env var OC_CAUSE=1 for full trace
omegaconf.errors.ConfigAttributeError: Key '_target_' is not in struct
    full_key: data._target_
    object_type=dict
[2026-06-09 17:12:02,517][utils.utils][INFO] - [rank: 0] Output dir: ./artifacts/
[2026-06-09 17:15:19,718][utils.utils][INFO] - [rank: 0] Printing config tree with Rich! <cfg.extras.print_config=True>
[2026-06-09 17:15:19,768][__main__][INFO] - [rank: 0] Instantiating model <model.simplefold.SimpleFold>
[2026-06-09 17:15:30,701][__main__][INFO] - [rank: 0] Instantiating datamodule <datasets.train_datamodule.SimpleFoldTrainingDataModule>
[2026-06-09 17:15:30,912][__main__][INFO] - [rank: 0] Instantiating callbacks...
[2026-06-09 17:15:30,912][utils.instantiators][INFO] - [rank: 0] Instantiating callback <lightning.pytorch.callbacks.ModelCheckpoint>
[2026-06-09 17:15:30,934][utils.instantiators][INFO] - [rank: 0] Instantiating callback <lightning.pytorch.callbacks.RichModelSummary>
[2026-06-09 17:15:30,934][__main__][INFO] - [rank: 0] Instantiating loggers...
[2026-06-09 17:15:30,934][utils.instantiators][INFO] - [rank: 0] Instantiating logger <lightning.pytorch.loggers.tensorboard.TensorBoardLogger>
[2026-06-09 17:15:30,936][utils.utils][ERROR] - [rank: 0] 
Traceback (most recent call last):
  File "/e/project1/crescendo/reim1/ml-simplefold/.venv/lib/python3.10/site-packages/hydra/_internal/instantiate/_instantiate2.py", line 92, in _call_target
    return _target_(*args, **kwargs)
  File "/e/project1/crescendo/reim1/ml-simplefold/.venv/lib/python3.10/site-packages/lightning/pytorch/loggers/tensorboard.py", line 96, in __init__
    super().__init__(
  File "/e/project1/crescendo/reim1/ml-simplefold/.venv/lib/python3.10/site-packages/lightning/fabric/loggers/tensorboard.py", line 93, in __init__
    raise ModuleNotFoundError(
ModuleNotFoundError: Neither `tensorboard` nor `tensorboardX` is available. Try `pip install`ing either.
Requirement 'tensorboardX' not met. HINT: Try running `pip install -U 'tensorboardX'`
Requirement 'tensorboard' not met. HINT: Try running `pip install -U 'tensorboard'`

The above exception was the direct cause of the following exception:

Traceback (most recent call last):
  File "/e/project1/crescendo/reim1/ml-simplefold/src/simplefold/utils/utils.py", line 185, in wrap
    task_func(cfg=cfg)
  File "/e/project1/crescendo/reim1/ml-simplefold/src/simplefold/train.py", line 61, in train
    loggers = instantiate_loggers(cfg.get("logger"))
  File "/e/project1/crescendo/reim1/ml-simplefold/src/simplefold/utils/instantiators.py", line 99, in instantiate_loggers
    logger.append(hydra.utils.instantiate(lg_conf))
  File "/e/project1/crescendo/reim1/ml-simplefold/.venv/lib/python3.10/site-packages/hydra/_internal/instantiate/_instantiate2.py", line 226, in instantiate
    return instantiate_node(
  File "/e/project1/crescendo/reim1/ml-simplefold/.venv/lib/python3.10/site-packages/hydra/_internal/instantiate/_instantiate2.py", line 347, in instantiate_node
    return _call_target(_target_, partial, args, kwargs, full_key)
  File "/e/project1/crescendo/reim1/ml-simplefold/.venv/lib/python3.10/site-packages/hydra/_internal/instantiate/_instantiate2.py", line 97, in _call_target
    raise InstantiationException(msg) from e
hydra.errors.InstantiationException: Error in call to target 'lightning.pytorch.loggers.tensorboard.TensorBoardLogger':
ModuleNotFoundError("Neither `tensorboard` nor `tensorboardX` is available. Try `pip install`ing either.\nRequirement 'tensorboardX' not met. HINT: Try running `pip install -U 'tensorboardX'`\nRequirement 'tensorboard' not met. HINT: Try running `pip install -U 'tensorboard'`")
full_key: logger.tensorboard
[2026-06-09 17:15:31,048][utils.utils][INFO] - [rank: 0] Output dir: ./artifacts/
[2026-06-09 17:17:51,745][utils.utils][INFO] - [rank: 0] Printing config tree with Rich! <cfg.extras.print_config=True>
[2026-06-09 17:17:51,812][__main__][INFO] - [rank: 0] Instantiating model <model.simplefold.SimpleFold>
[2026-06-09 17:18:04,555][__main__][INFO] - [rank: 0] Instantiating datamodule <datasets.train_datamodule.SimpleFoldTrainingDataModule>
[2026-06-09 17:18:04,595][__main__][INFO] - [rank: 0] Instantiating callbacks...
[2026-06-09 17:18:04,596][utils.instantiators][INFO] - [rank: 0] Instantiating callback <lightning.pytorch.callbacks.ModelCheckpoint>
[2026-06-09 17:18:04,598][utils.instantiators][INFO] - [rank: 0] Instantiating callback <lightning.pytorch.callbacks.RichModelSummary>
[2026-06-09 17:18:04,599][__main__][INFO] - [rank: 0] Instantiating loggers...
[2026-06-09 17:18:04,599][utils.instantiators][INFO] - [rank: 0] Instantiating logger <lightning.pytorch.loggers.tensorboard.TensorBoardLogger>
[2026-06-09 17:18:04,603][__main__][INFO] - [rank: 0] Instantiating trainer <lightning.pytorch.trainer.Trainer>
[2026-06-09 17:18:04,639][__main__][INFO] - [rank: 0] Logging hyperparameters!
[2026-06-09 17:18:04,645][__main__][INFO] - [rank: 0] Starting training!
[2026-06-09 17:18:04,840][utils.utils][ERROR] - [rank: 0] 
Traceback (most recent call last):
  File "/e/project1/crescendo/reim1/ml-simplefold/src/simplefold/utils/utils.py", line 185, in wrap
    task_func(cfg=cfg)
  File "/e/project1/crescendo/reim1/ml-simplefold/src/simplefold/train.py", line 82, in train
    trainer.fit(
  File "/e/project1/crescendo/reim1/ml-simplefold/.venv/lib/python3.10/site-packages/lightning/pytorch/trainer/trainer.py", line 561, in fit
    call._call_and_handle_interrupt(
  File "/e/project1/crescendo/reim1/ml-simplefold/.venv/lib/python3.10/site-packages/lightning/pytorch/trainer/call.py", line 47, in _call_and_handle_interrupt
    return trainer.strategy.launcher.launch(trainer_fn, *args, trainer=trainer, **kwargs)
  File "/e/project1/crescendo/reim1/ml-simplefold/.venv/lib/python3.10/site-packages/lightning/pytorch/strategies/launchers/subprocess_script.py", line 105, in launch
    return function(*args, **kwargs)
  File "/e/project1/crescendo/reim1/ml-simplefold/.venv/lib/python3.10/site-packages/lightning/pytorch/trainer/trainer.py", line 599, in _fit_impl
    self._run(model, ckpt_path=ckpt_path)
  File "/e/project1/crescendo/reim1/ml-simplefold/.venv/lib/python3.10/site-packages/lightning/pytorch/trainer/trainer.py", line 968, in _run
    self.strategy.setup_environment()
  File "/e/project1/crescendo/reim1/ml-simplefold/.venv/lib/python3.10/site-packages/lightning/pytorch/strategies/ddp.py", line 153, in setup_environment
    super().setup_environment()
  File "/e/project1/crescendo/reim1/ml-simplefold/.venv/lib/python3.10/site-packages/lightning/pytorch/strategies/strategy.py", line 129, in setup_environment
    self.accelerator.setup_device(self.root_device)
  File "/e/project1/crescendo/reim1/ml-simplefold/.venv/lib/python3.10/site-packages/lightning/pytorch/accelerators/cuda.py", line 46, in setup_device
    _check_cuda_matmul_precision(device)
  File "/e/project1/crescendo/reim1/ml-simplefold/.venv/lib/python3.10/site-packages/lightning/fabric/accelerators/cuda.py", line 165, in _check_cuda_matmul_precision
    if torch.get_float32_matmul_precision() == "highest":  # default
  File "/e/project1/crescendo/reim1/ml-simplefold/.venv/lib/python3.10/site-packages/torch/__init__.py", line 1614, in get_float32_matmul_precision
    return _C._get_float32_matmul_precision()
RuntimeError: PyTorch is checking the matmul precision without a specific backend name,Current status indicate that you have used mix of the legacy and new APIs to set the matmul precision. We suggest only using the new API for matmul precision. See also: https://pytorch.org/docs/main/notes/cuda.html#tensorfloat-32-tf32-on-ampere-and-later-devices
[2026-06-09 17:18:05,020][utils.utils][INFO] - [rank: 0] Output dir: ./artifacts/
[2026-06-09 17:40:05,392][utils.utils][INFO] - [rank: 0] Printing config tree with Rich! <cfg.extras.print_config=True>
[2026-06-09 17:40:05,441][__main__][INFO] - [rank: 0] Instantiating model <model.simplefold.SimpleFold>
[2026-06-09 17:40:17,427][__main__][INFO] - [rank: 0] Instantiating datamodule <datasets.train_datamodule.SimpleFoldTrainingDataModule>
[2026-06-09 17:40:17,470][__main__][INFO] - [rank: 0] Instantiating callbacks...
[2026-06-09 17:40:17,470][utils.instantiators][INFO] - [rank: 0] Instantiating callback <lightning.pytorch.callbacks.ModelCheckpoint>
[2026-06-09 17:40:17,471][utils.instantiators][INFO] - [rank: 0] Instantiating callback <lightning.pytorch.callbacks.RichModelSummary>
[2026-06-09 17:40:17,472][__main__][INFO] - [rank: 0] Instantiating loggers...
[2026-06-09 17:40:17,472][utils.instantiators][INFO] - [rank: 0] Instantiating logger <lightning.pytorch.loggers.tensorboard.TensorBoardLogger>
[2026-06-09 17:40:17,475][__main__][INFO] - [rank: 0] Instantiating trainer <lightning.pytorch.trainer.Trainer>
[2026-06-09 17:40:17,501][__main__][INFO] - [rank: 0] Logging hyperparameters!
[2026-06-09 17:40:17,505][__main__][INFO] - [rank: 0] Starting training!
[2026-06-09 17:47:09,475][utils.utils][INFO] - [rank: 0] Output dir: ./artifacts/
[2026-06-09 17:49:38,405][utils.utils][INFO] - [rank: 0] Printing config tree with Rich! <cfg.extras.print_config=True>
[2026-06-09 17:49:38,453][__main__][INFO] - [rank: 0] Instantiating model <model.simplefold.SimpleFold>
[2026-06-09 17:49:51,592][__main__][INFO] - [rank: 0] Instantiating datamodule <datasets.train_datamodule.SimpleFoldTrainingDataModule>
[2026-06-09 17:49:51,624][__main__][INFO] - [rank: 0] Instantiating callbacks...
[2026-06-09 17:49:51,625][utils.instantiators][INFO] - [rank: 0] Instantiating callback <lightning.pytorch.callbacks.ModelCheckpoint>
[2026-06-09 17:49:51,626][utils.instantiators][INFO] - [rank: 0] Instantiating callback <lightning.pytorch.callbacks.RichModelSummary>
[2026-06-09 17:49:51,626][__main__][INFO] - [rank: 0] Instantiating loggers...
[2026-06-09 17:49:51,626][utils.instantiators][INFO] - [rank: 0] Instantiating logger <lightning.pytorch.loggers.tensorboard.TensorBoardLogger>
[2026-06-09 17:49:51,629][__main__][INFO] - [rank: 0] Instantiating trainer <lightning.pytorch.trainer.Trainer>
[2026-06-09 17:49:51,629][utils.utils][ERROR] - [rank: 0] 
Traceback (most recent call last):
  File "/e/project1/crescendo/reim1/ml-simplefold/src/simplefold/utils/utils.py", line 185, in wrap
    task_func(cfg=cfg)
  File "/e/project1/crescendo/reim1/ml-simplefold/src/simplefold/train.py", line 75, in train
    trainer = instantiate_trainer(
  File "/e/project1/crescendo/reim1/ml-simplefold/src/simplefold/utils/instantiators.py", line 28, in instantiate_trainer
    if "mixed_precision" in trainer_cfg.strategy.keys():
AttributeError: 'str' object has no attribute 'keys'
[2026-06-09 17:49:51,630][utils.utils][INFO] - [rank: 0] Output dir: ./artifacts/
[2026-06-09 17:51:00,643][utils.utils][INFO] - [rank: 0] Printing config tree with Rich! <cfg.extras.print_config=True>
[2026-06-09 17:51:00,691][__main__][INFO] - [rank: 0] Instantiating model <model.simplefold.SimpleFold>
[2026-06-09 17:51:12,626][__main__][INFO] - [rank: 0] Instantiating datamodule <datasets.train_datamodule.SimpleFoldTrainingDataModule>
[2026-06-09 17:51:12,667][__main__][INFO] - [rank: 0] Instantiating callbacks...
[2026-06-09 17:51:12,668][utils.instantiators][INFO] - [rank: 0] Instantiating callback <lightning.pytorch.callbacks.ModelCheckpoint>
[2026-06-09 17:51:12,669][utils.instantiators][INFO] - [rank: 0] Instantiating callback <lightning.pytorch.callbacks.RichModelSummary>
[2026-06-09 17:51:12,670][__main__][INFO] - [rank: 0] Instantiating loggers...
[2026-06-09 17:51:12,670][utils.instantiators][INFO] - [rank: 0] Instantiating logger <lightning.pytorch.loggers.tensorboard.TensorBoardLogger>
[2026-06-09 17:51:12,673][__main__][INFO] - [rank: 0] Instantiating trainer <lightning.pytorch.trainer.Trainer>
[2026-06-09 17:51:12,700][__main__][INFO] - [rank: 0] Logging hyperparameters!
[2026-06-09 17:51:12,705][__main__][INFO] - [rank: 0] Starting training!
[2026-06-09 17:51:24,917][utils.utils][INFO] - [rank: 0] Output dir: ./artifacts/
[2026-06-09 17:53:25,812][utils.utils][INFO] - [rank: 0] Printing config tree with Rich! <cfg.extras.print_config=True>
[2026-06-09 17:53:25,861][__main__][INFO] - [rank: 0] Instantiating model <model.simplefold.SimpleFold>
[2026-06-09 17:53:38,109][__main__][INFO] - [rank: 0] Instantiating datamodule <datasets.train_datamodule.SimpleFoldTrainingDataModule>
[2026-06-09 17:53:38,141][__main__][INFO] - [rank: 0] Instantiating callbacks...
[2026-06-09 17:53:38,142][utils.instantiators][INFO] - [rank: 0] Instantiating callback <lightning.pytorch.callbacks.ModelCheckpoint>
[2026-06-09 17:53:38,143][utils.instantiators][INFO] - [rank: 0] Instantiating callback <lightning.pytorch.callbacks.RichModelSummary>
[2026-06-09 17:53:38,143][__main__][INFO] - [rank: 0] Instantiating loggers...
[2026-06-09 17:53:38,144][utils.instantiators][INFO] - [rank: 0] Instantiating logger <lightning.pytorch.loggers.tensorboard.TensorBoardLogger>
[2026-06-09 17:53:38,146][__main__][INFO] - [rank: 0] Instantiating trainer <lightning.pytorch.trainer.Trainer>
[2026-06-09 17:53:38,181][__main__][INFO] - [rank: 0] Logging hyperparameters!
[2026-06-09 17:53:38,185][__main__][INFO] - [rank: 0] Starting training!
[2026-06-09 17:53:44,782][utils.utils][INFO] - [rank: 0] Output dir: ./artifacts/
[2026-06-09 18:02:19,131][utils.utils][INFO] - [rank: 0] Printing config tree with Rich! <cfg.extras.print_config=True>
[2026-06-09 18:02:19,180][__main__][INFO] - [rank: 0] Instantiating model <model.simplefold.SimpleFold>
[2026-06-09 18:02:22,830][__main__][INFO] - [rank: 0] Instantiating datamodule <datasets.train_datamodule.SimpleFoldTrainingDataModule>
[2026-06-09 18:02:22,872][__main__][INFO] - [rank: 0] Instantiating callbacks...
[2026-06-09 18:02:22,873][utils.instantiators][INFO] - [rank: 0] Instantiating callback <lightning.pytorch.callbacks.ModelCheckpoint>
[2026-06-09 18:02:22,874][utils.instantiators][INFO] - [rank: 0] Instantiating callback <lightning.pytorch.callbacks.RichModelSummary>
[2026-06-09 18:02:22,875][__main__][INFO] - [rank: 0] Instantiating loggers...
[2026-06-09 18:02:22,875][utils.instantiators][INFO] - [rank: 0] Instantiating logger <lightning.pytorch.loggers.tensorboard.TensorBoardLogger>
[2026-06-09 18:02:22,877][__main__][INFO] - [rank: 0] Instantiating trainer <lightning.pytorch.trainer.Trainer>
[2026-06-09 18:02:22,903][__main__][INFO] - [rank: 0] Logging hyperparameters!
[2026-06-09 18:02:22,907][__main__][INFO] - [rank: 0] Starting training!
[2026-06-09 18:02:25,205][utils.utils][INFO] - [rank: 0] Output dir: ./artifacts/
[2026-06-09 18:20:20,459][utils.utils][INFO] - [rank: 0] Printing config tree with Rich! <cfg.extras.print_config=True>
[2026-06-09 18:20:20,508][__main__][INFO] - [rank: 0] Instantiating model <model.simplefold.SimpleFold>
[2026-06-09 18:20:25,516][__main__][INFO] - [rank: 0] Instantiating datamodule <datasets.train_datamodule.SimpleFoldTrainingDataModule>
[2026-06-09 18:20:25,565][__main__][INFO] - [rank: 0] Instantiating callbacks...
[2026-06-09 18:20:25,565][utils.instantiators][INFO] - [rank: 0] Instantiating callback <lightning.pytorch.callbacks.ModelCheckpoint>
[2026-06-09 18:20:25,570][utils.instantiators][INFO] - [rank: 0] Instantiating callback <lightning.pytorch.callbacks.RichModelSummary>
[2026-06-09 18:20:25,571][__main__][INFO] - [rank: 0] Instantiating loggers...
[2026-06-09 18:20:25,571][utils.instantiators][INFO] - [rank: 0] Instantiating logger <lightning.pytorch.loggers.tensorboard.TensorBoardLogger>
[2026-06-09 18:20:25,576][__main__][INFO] - [rank: 0] Instantiating trainer <lightning.pytorch.trainer.Trainer>
[2026-06-09 18:20:25,602][__main__][INFO] - [rank: 0] Logging hyperparameters!
[2026-06-09 18:20:25,892][__main__][INFO] - [rank: 0] Starting training!
[2026-06-09 18:33:14,517][utils.utils][INFO] - [rank: 0] Output dir: ./artifacts/
[2026-06-11 14:37:10,064][utils.utils][INFO] - [rank: 0] Printing config tree with Rich! <cfg.extras.print_config=True>
[2026-06-11 14:37:10,301][__main__][INFO] - [rank: 0] Instantiating model <model.simplefold.SimpleFold>
[2026-06-11 14:37:19,780][__main__][INFO] - [rank: 0] Instantiating datamodule <datasets.train_datamodule.SimpleFoldTrainingDataModule>
[2026-06-11 14:37:19,860][__main__][INFO] - [rank: 0] Instantiating callbacks...
[2026-06-11 14:37:19,861][utils.instantiators][INFO] - [rank: 0] Instantiating callback <lightning.pytorch.callbacks.ModelCheckpoint>
[2026-06-11 14:37:19,877][utils.instantiators][INFO] - [rank: 0] Instantiating callback <lightning.pytorch.callbacks.RichModelSummary>
[2026-06-11 14:37:19,877][__main__][INFO] - [rank: 0] Instantiating loggers...
[2026-06-11 14:37:19,877][utils.instantiators][INFO] - [rank: 0] Instantiating logger <lightning.pytorch.loggers.tensorboard.TensorBoardLogger>
[2026-06-11 14:37:19,880][__main__][INFO] - [rank: 0] Instantiating trainer <lightning.pytorch.trainer.Trainer>
[2026-06-11 14:37:19,907][__main__][INFO] - [rank: 0] Logging hyperparameters!
[2026-06-11 14:37:20,892][__main__][INFO] - [rank: 0] Starting training!
[2026-06-11 14:37:23,530][utils.utils][ERROR] - [rank: 0] 
Traceback (most recent call last):
  File "/e/project1/crescendo/reim1/ml-simplefold/src/simplefold/utils/utils.py", line 185, in wrap
    task_func(cfg=cfg)
  File "/e/project1/crescendo/reim1/ml-simplefold/src/simplefold/train.py", line 93, in train
    trainer.fit(
  File "/e/project1/crescendo/reim1/ml-simplefold/.venv/lib/python3.10/site-packages/lightning/pytorch/trainer/trainer.py", line 561, in fit
    call._call_and_handle_interrupt(
  File "/e/project1/crescendo/reim1/ml-simplefold/.venv/lib/python3.10/site-packages/lightning/pytorch/trainer/call.py", line 47, in _call_and_handle_interrupt
    return trainer.strategy.launcher.launch(trainer_fn, *args, trainer=trainer, **kwargs)
  File "/e/project1/crescendo/reim1/ml-simplefold/.venv/lib/python3.10/site-packages/lightning/pytorch/strategies/launchers/subprocess_script.py", line 105, in launch
    return function(*args, **kwargs)
  File "/e/project1/crescendo/reim1/ml-simplefold/.venv/lib/python3.10/site-packages/lightning/pytorch/trainer/trainer.py", line 599, in _fit_impl
    self._run(model, ckpt_path=ckpt_path)
  File "/e/project1/crescendo/reim1/ml-simplefold/.venv/lib/python3.10/site-packages/lightning/pytorch/trainer/trainer.py", line 974, in _run
    call._call_setup_hook(self)  # allow user to set up LightningModule in accelerator environment
  File "/e/project1/crescendo/reim1/ml-simplefold/.venv/lib/python3.10/site-packages/lightning/pytorch/trainer/call.py", line 109, in _call_setup_hook
    _call_lightning_module_hook(trainer, "setup", stage=fn)
  File "/e/project1/crescendo/reim1/ml-simplefold/.venv/lib/python3.10/site-packages/lightning/pytorch/trainer/call.py", line 176, in _call_lightning_module_hook
    output = fn(*args, **kwargs)
  File "/e/project1/crescendo/reim1/ml-simplefold/src/simplefold/model/simplefold.py", line 671, in setup
    batch = self.processor.preprocess_training(
  File "/e/project1/crescendo/reim1/ml-simplefold/src/simplefold/processor/protein_processor.py", line 143, in preprocess_training
    self.process_esm(batch, esm_model, esm_dict, af2_to_esm)
  File "/e/project1/crescendo/reim1/ml-simplefold/src/simplefold/processor/protein_processor.py", line 89, in process_esm
    esm_s[0, :true_len] = esm_s_[0, true_mask[0]]
RuntimeError: The expanded size of the tensor (32) must match the existing size (31) at non-singleton dimension 1.  Target sizes: [78, 32, 640].  Tensor sizes: [78, 31, 640]
[2026-06-11 14:37:23,544][utils.utils][INFO] - [rank: 0] Output dir: ./artifacts/
[2026-06-11 14:43:20,843][utils.utils][INFO] - [rank: 0] Printing config tree with Rich! <cfg.extras.print_config=True>
[2026-06-11 14:43:20,889][__main__][INFO] - [rank: 0] Instantiating model <model.simplefold.SimpleFold>
[2026-06-11 14:43:23,934][__main__][INFO] - [rank: 0] Instantiating datamodule <datasets.train_datamodule.SimpleFoldTrainingDataModule>
[2026-06-11 14:43:23,965][__main__][INFO] - [rank: 0] Instantiating callbacks...
[2026-06-11 14:43:23,965][utils.instantiators][INFO] - [rank: 0] Instantiating callback <lightning.pytorch.callbacks.ModelCheckpoint>
[2026-06-11 14:43:23,967][utils.instantiators][INFO] - [rank: 0] Instantiating callback <lightning.pytorch.callbacks.RichModelSummary>
[2026-06-11 14:43:23,967][__main__][INFO] - [rank: 0] Instantiating loggers...
[2026-06-11 14:43:23,967][utils.instantiators][INFO] - [rank: 0] Instantiating logger <lightning.pytorch.loggers.tensorboard.TensorBoardLogger>
[2026-06-11 14:43:23,969][__main__][INFO] - [rank: 0] Instantiating trainer <lightning.pytorch.trainer.Trainer>
[2026-06-11 14:43:23,997][__main__][INFO] - [rank: 0] Logging hyperparameters!
[2026-06-11 14:43:24,054][__main__][INFO] - [rank: 0] Starting training!
[2026-06-11 14:46:56,970][utils.utils][ERROR] - [rank: 0] 
Traceback (most recent call last):
  File "/e/project1/crescendo/reim1/ml-simplefold/.venv/lib/python3.10/site-packages/lightning/pytorch/trainer/call.py", line 47, in _call_and_handle_interrupt
    return trainer.strategy.launcher.launch(trainer_fn, *args, trainer=trainer, **kwargs)
  File "/e/project1/crescendo/reim1/ml-simplefold/.venv/lib/python3.10/site-packages/lightning/pytorch/strategies/launchers/subprocess_script.py", line 105, in launch
    return function(*args, **kwargs)
  File "/e/project1/crescendo/reim1/ml-simplefold/.venv/lib/python3.10/site-packages/lightning/pytorch/trainer/trainer.py", line 599, in _fit_impl
    self._run(model, ckpt_path=ckpt_path)
  File "/e/project1/crescendo/reim1/ml-simplefold/.venv/lib/python3.10/site-packages/lightning/pytorch/trainer/trainer.py", line 1012, in _run
    results = self._run_stage()
  File "/e/project1/crescendo/reim1/ml-simplefold/.venv/lib/python3.10/site-packages/lightning/pytorch/trainer/trainer.py", line 1056, in _run_stage
    self.fit_loop.run()
  File "/e/project1/crescendo/reim1/ml-simplefold/.venv/lib/python3.10/site-packages/lightning/pytorch/loops/fit_loop.py", line 216, in run
    self.advance()
  File "/e/project1/crescendo/reim1/ml-simplefold/.venv/lib/python3.10/site-packages/lightning/pytorch/loops/fit_loop.py", line 455, in advance
    self.epoch_loop.run(self._data_fetcher)
  File "/e/project1/crescendo/reim1/ml-simplefold/.venv/lib/python3.10/site-packages/lightning/pytorch/loops/training_epoch_loop.py", line 152, in run
    self.advance(data_fetcher)
  File "/e/project1/crescendo/reim1/ml-simplefold/.venv/lib/python3.10/site-packages/lightning/pytorch/loops/training_epoch_loop.py", line 344, in advance
    batch_output = self.automatic_optimization.run(trainer.optimizers[0], batch_idx, kwargs)
  File "/e/project1/crescendo/reim1/ml-simplefold/.venv/lib/python3.10/site-packages/lightning/pytorch/loops/optimization/automatic.py", line 192, in run
    self._optimizer_step(batch_idx, closure)
  File "/e/project1/crescendo/reim1/ml-simplefold/.venv/lib/python3.10/site-packages/lightning/pytorch/loops/optimization/automatic.py", line 270, in _optimizer_step
    call._call_lightning_module_hook(
  File "/e/project1/crescendo/reim1/ml-simplefold/.venv/lib/python3.10/site-packages/lightning/pytorch/trainer/call.py", line 176, in _call_lightning_module_hook
    output = fn(*args, **kwargs)
  File "/e/project1/crescendo/reim1/ml-simplefold/.venv/lib/python3.10/site-packages/lightning/pytorch/core/module.py", line 1328, in optimizer_step
    optimizer.step(closure=optimizer_closure)
  File "/e/project1/crescendo/reim1/ml-simplefold/.venv/lib/python3.10/site-packages/lightning/pytorch/core/optimizer.py", line 154, in step
    step_output = self._strategy.optimizer_step(self._optimizer, closure, **kwargs)
  File "/e/project1/crescendo/reim1/ml-simplefold/.venv/lib/python3.10/site-packages/lightning/pytorch/strategies/ddp.py", line 270, in optimizer_step
    optimizer_output = super().optimizer_step(optimizer, closure, model, **kwargs)
  File "/e/project1/crescendo/reim1/ml-simplefold/.venv/lib/python3.10/site-packages/lightning/pytorch/strategies/strategy.py", line 239, in optimizer_step
    return self.precision_plugin.optimizer_step(optimizer, model=model, closure=closure, **kwargs)
  File "/e/project1/crescendo/reim1/ml-simplefold/.venv/lib/python3.10/site-packages/lightning/pytorch/plugins/precision/amp.py", line 76, in optimizer_step
    return super().optimizer_step(optimizer, model=model, closure=closure, **kwargs)
  File "/e/project1/crescendo/reim1/ml-simplefold/.venv/lib/python3.10/site-packages/lightning/pytorch/plugins/precision/precision.py", line 123, in optimizer_step
    return optimizer.step(closure=closure, **kwargs)
  File "/e/project1/crescendo/reim1/ml-simplefold/.venv/lib/python3.10/site-packages/torch/optim/lr_scheduler.py", line 166, in wrapper
    return func.__get__(opt, opt.__class__)(*args, **kwargs)
  File "/e/project1/crescendo/reim1/ml-simplefold/.venv/lib/python3.10/site-packages/torch/optim/optimizer.py", line 535, in wrapper
    out = func(*args, **kwargs)
  File "/e/project1/crescendo/reim1/ml-simplefold/.venv/lib/python3.10/site-packages/torch/optim/optimizer.py", line 80, in _use_grad
    ret = func(*args, **kwargs)
  File "/e/project1/crescendo/reim1/ml-simplefold/.venv/lib/python3.10/site-packages/torch/optim/adam.py", line 227, in step
    loss = closure()
  File "/e/project1/crescendo/reim1/ml-simplefold/.venv/lib/python3.10/site-packages/lightning/pytorch/plugins/precision/precision.py", line 109, in _wrap_closure
    closure_result = closure()
  File "/e/project1/crescendo/reim1/ml-simplefold/.venv/lib/python3.10/site-packages/lightning/pytorch/loops/optimization/automatic.py", line 146, in __call__
    self._result = self.closure(*args, **kwargs)
  File "/e/project1/crescendo/reim1/ml-simplefold/.venv/lib/python3.10/site-packages/torch/utils/_contextlib.py", line 124, in decorate_context
    return func(*args, **kwargs)
  File "/e/project1/crescendo/reim1/ml-simplefold/.venv/lib/python3.10/site-packages/lightning/pytorch/loops/optimization/automatic.py", line 131, in closure
    step_output = self._step_fn()
  File "/e/project1/crescendo/reim1/ml-simplefold/.venv/lib/python3.10/site-packages/lightning/pytorch/loops/optimization/automatic.py", line 319, in _training_step
    training_step_output = call._call_strategy_hook(trainer, "training_step", *kwargs.values())
  File "/e/project1/crescendo/reim1/ml-simplefold/.venv/lib/python3.10/site-packages/lightning/pytorch/trainer/call.py", line 328, in _call_strategy_hook
    output = fn(*args, **kwargs)
  File "/e/project1/crescendo/reim1/ml-simplefold/.venv/lib/python3.10/site-packages/lightning/pytorch/strategies/strategy.py", line 390, in training_step
    return self._forward_redirection(self.model, self.lightning_module, "training_step", *args, **kwargs)
  File "/e/project1/crescendo/reim1/ml-simplefold/.venv/lib/python3.10/site-packages/lightning/pytorch/strategies/strategy.py", line 641, in __call__
    wrapper_output = wrapper_module(*args, **kwargs)
  File "/e/project1/crescendo/reim1/ml-simplefold/.venv/lib/python3.10/site-packages/torch/nn/modules/module.py", line 1778, in _wrapped_call_impl
    return self._call_impl(*args, **kwargs)
  File "/e/project1/crescendo/reim1/ml-simplefold/.venv/lib/python3.10/site-packages/torch/nn/modules/module.py", line 1789, in _call_impl
    return forward_call(*args, **kwargs)
  File "/e/project1/crescendo/reim1/ml-simplefold/.venv/lib/python3.10/site-packages/torch/nn/parallel/distributed.py", line 1832, in forward
    else self._run_ddp_forward(*inputs, **kwargs)
  File "/e/project1/crescendo/reim1/ml-simplefold/.venv/lib/python3.10/site-packages/torch/nn/parallel/distributed.py", line 1657, in _run_ddp_forward
    return self.module(*inputs, **kwargs)  # type: ignore[index]
  File "/e/project1/crescendo/reim1/ml-simplefold/.venv/lib/python3.10/site-packages/torch/nn/modules/module.py", line 1778, in _wrapped_call_impl
    return self._call_impl(*args, **kwargs)
  File "/e/project1/crescendo/reim1/ml-simplefold/.venv/lib/python3.10/site-packages/torch/nn/modules/module.py", line 1789, in _call_impl
    return forward_call(*args, **kwargs)
  File "/e/project1/crescendo/reim1/ml-simplefold/.venv/lib/python3.10/site-packages/lightning/pytorch/strategies/strategy.py", line 634, in wrapped_forward
    out = method(*_args, **_kwargs)
  File "/e/project1/crescendo/reim1/ml-simplefold/src/simplefold/model/simplefold.py", line 505, in training_step
    return self.flow_matching_train_step(batch, batch_idx)
  File "/e/project1/crescendo/reim1/ml-simplefold/src/simplefold/model/simplefold.py", line 385, in flow_matching_train_step
    batch = self.processor.preprocess_training(
  File "/e/project1/crescendo/reim1/ml-simplefold/src/simplefold/processor/protein_processor.py", line 143, in preprocess_training
    self.process_esm(batch, esm_model, esm_dict, af2_to_esm)
  File "/e/project1/crescendo/reim1/ml-simplefold/src/simplefold/processor/protein_processor.py", line 74, in process_esm
    esm_s_, _ = compute_language_model_representations(
  File "/e/project1/crescendo/reim1/ml-simplefold/src/simplefold/utils/esm_utils.py", line 248, in compute_language_model_representations
    esm_s = esm_adapter(esmaa)
  File "/e/project1/crescendo/reim1/ml-simplefold/.venv/lib/python3.10/site-packages/torch/nn/modules/module.py", line 1778, in _wrapped_call_impl
    return self._call_impl(*args, **kwargs)
  File "/e/project1/crescendo/reim1/ml-simplefold/.venv/lib/python3.10/site-packages/torch/nn/modules/module.py", line 1789, in _call_impl
    return forward_call(*args, **kwargs)
  File "/e/project1/crescendo/reim1/ml-simplefold/.venv/lib/python3.10/site-packages/fairscale/nn/data_parallel/fully_sharded_data_parallel.py", line 1440, in forward
    outputs = self.module(*args, **kwargs)
  File "/e/project1/crescendo/reim1/ml-simplefold/.venv/lib/python3.10/site-packages/torch/nn/modules/module.py", line 1778, in _wrapped_call_impl
    return self._call_impl(*args, **kwargs)
  File "/e/project1/crescendo/reim1/ml-simplefold/.venv/lib/python3.10/site-packages/torch/nn/modules/module.py", line 1789, in _call_impl
    return forward_call(*args, **kwargs)
  File "/e/project1/crescendo/reim1/ml-simplefold/.venv/lib/python3.10/site-packages/fairscale/nn/misc/flatten_params_wrapper.py", line 487, in forward
    return self.module(*inputs, **kwinputs)
  File "/e/project1/crescendo/reim1/ml-simplefold/.venv/lib/python3.10/site-packages/torch/nn/modules/module.py", line 1778, in _wrapped_call_impl
    return self._call_impl(*args, **kwargs)
  File "/e/project1/crescendo/reim1/ml-simplefold/.venv/lib/python3.10/site-packages/torch/nn/modules/module.py", line 1789, in _call_impl
    return forward_call(*args, **kwargs)
  File "/e/project1/crescendo/reim1/ml-simplefold/src/simplefold/utils/esm_utils.py", line 291, in forward
    res = self.model(esmaa, repr_layers=range(self.num_layers + 1), need_head_weights=False)
  File "/e/project1/crescendo/reim1/ml-simplefold/.venv/lib/python3.10/site-packages/torch/nn/modules/module.py", line 1778, in _wrapped_call_impl
    return self._call_impl(*args, **kwargs)
  File "/e/project1/crescendo/reim1/ml-simplefold/.venv/lib/python3.10/site-packages/torch/nn/modules/module.py", line 1789, in _call_impl
    return forward_call(*args, **kwargs)
  File "/e/project1/crescendo/reim1/.cache/torch/hub/facebookresearch_esm_main/esm/model/esm2.py", line 92, in forward
    x = x * (1 - mask_ratio_train) / (1 - mask_ratio_observed)[:, None, None]
  File "/e/project1/crescendo/reim1/ml-simplefold/.venv/lib/python3.10/site-packages/torch/_tensor.py", line 47, in wrapped
    return f(self, *args, **kwargs)
  File "/e/project1/crescendo/reim1/ml-simplefold/.venv/lib/python3.10/site-packages/torch/_tensor.py", line 1116, in __rsub__
    return _C._VariableFunctions.rsub(self, other)
KeyboardInterrupt

During handling of the above exception, another exception occurred:

Traceback (most recent call last):
  File "/e/project1/crescendo/reim1/ml-simplefold/src/simplefold/utils/utils.py", line 185, in wrap
    task_func(cfg=cfg)
  File "/e/project1/crescendo/reim1/ml-simplefold/src/simplefold/train.py", line 93, in train
    trainer.fit(
  File "/e/project1/crescendo/reim1/ml-simplefold/.venv/lib/python3.10/site-packages/lightning/pytorch/trainer/trainer.py", line 561, in fit
    call._call_and_handle_interrupt(
  File "/e/project1/crescendo/reim1/ml-simplefold/.venv/lib/python3.10/site-packages/lightning/pytorch/trainer/call.py", line 61, in _call_and_handle_interrupt
    trainer._teardown()
  File "/e/project1/crescendo/reim1/ml-simplefold/.venv/lib/python3.10/site-packages/lightning/pytorch/trainer/trainer.py", line 1035, in _teardown
    self.strategy.teardown()
  File "/e/project1/crescendo/reim1/ml-simplefold/.venv/lib/python3.10/site-packages/lightning/pytorch/strategies/ddp.py", line 419, in teardown
    super().teardown()
  File "/e/project1/crescendo/reim1/ml-simplefold/.venv/lib/python3.10/site-packages/lightning/pytorch/strategies/parallel.py", line 134, in teardown
    super().teardown()
  File "/e/project1/crescendo/reim1/ml-simplefold/.venv/lib/python3.10/site-packages/lightning/pytorch/strategies/strategy.py", line 536, in teardown
    self.lightning_module.cpu()
  File "/e/project1/crescendo/reim1/ml-simplefold/.venv/lib/python3.10/site-packages/lightning/fabric/utilities/device_dtype_mixin.py", line 82, in cpu
    return super().cpu()
  File "/e/project1/crescendo/reim1/ml-simplefold/.venv/lib/python3.10/site-packages/torch/nn/modules/module.py", line 1164, in cpu
    return self._apply(lambda t: t.cpu())
  File "/e/project1/crescendo/reim1/ml-simplefold/.venv/lib/python3.10/site-packages/torch/nn/modules/module.py", line 933, in _apply
    module._apply(fn)
  File "/e/project1/crescendo/reim1/ml-simplefold/.venv/lib/python3.10/site-packages/fairscale/nn/data_parallel/fully_sharded_data_parallel.py", line 1089, in _apply
    self.assert_state(TrainingState.IDLE)
  File "/e/project1/crescendo/reim1/ml-simplefold/.venv/lib/python3.10/site-packages/fairscale/nn/data_parallel/fully_sharded_data_parallel.py", line 2297, in assert_state
    raise ValueError(msg)
ValueError: expected to be in states [<TrainingState.IDLE: 1>] but current state is TrainingState.FORWARD
[2026-06-11 14:46:57,168][utils.utils][INFO] - [rank: 0] Output dir: ./artifacts/
[2026-06-16 12:36:24,730][utils.utils][INFO] - [rank: 0] Printing config tree with Rich! <cfg.extras.print_config=True>
[2026-06-16 12:36:24,977][__main__][INFO] - [rank: 0] Instantiating model <model.simplefold.SimpleFold>
[2026-06-16 12:36:25,306][utils.utils][ERROR] - [rank: 0] 
Traceback (most recent call last):
  File "/e/project1/crescendo/reim1/ml-simplefold/.venv/lib/python3.10/site-packages/hydra/_internal/utils.py", line 644, in _locate
    obj = getattr(obj, part)
AttributeError: module 'model' has no attribute 'simplefold'

During handling of the above exception, another exception occurred:

Traceback (most recent call last):
  File "/e/project1/crescendo/reim1/ml-simplefold/.venv/lib/python3.10/site-packages/hydra/_internal/utils.py", line 650, in _locate
    obj = import_module(mod)
  File "/e/home/jusers/reim1/jupiter/.local/share/uv/python/cpython-3.10-linux-aarch64-gnu/lib/python3.10/importlib/__init__.py", line 126, in import_module
    return _bootstrap._gcd_import(name[level:], package, level)
  File "<frozen importlib._bootstrap>", line 1050, in _gcd_import
  File "<frozen importlib._bootstrap>", line 1027, in _find_and_load
  File "<frozen importlib._bootstrap>", line 1006, in _find_and_load_unlocked
  File "<frozen importlib._bootstrap>", line 688, in _load_unlocked
  File "<frozen importlib._bootstrap_external>", line 883, in exec_module
  File "<frozen importlib._bootstrap>", line 241, in _call_with_frames_removed
  File "/e/project1/crescendo/reim1/ml-simplefold/src/simplefold/model/simplefold.py", line 26, in <module>
    from utils.esm_utils import _af2_to_esm, esm_registry
  File "/e/project1/crescendo/reim1/ml-simplefold/src/simplefold/utils/esm_utils.py", line 15, in <module>
    from transformers import T5Tokenizer, T5EncoderModel
ModuleNotFoundError: No module named 'transformers'

The above exception was the direct cause of the following exception:

Traceback (most recent call last):
  File "/e/project1/crescendo/reim1/ml-simplefold/.venv/lib/python3.10/site-packages/hydra/_internal/instantiate/_instantiate2.py", line 134, in _resolve_target
    target = _locate(target)
  File "/e/project1/crescendo/reim1/ml-simplefold/.venv/lib/python3.10/site-packages/hydra/_internal/utils.py", line 653, in _locate
    raise ImportError(
ImportError: Error loading 'model.simplefold.SimpleFold':
ModuleNotFoundError("No module named 'transformers'")
Are you sure that 'simplefold' is importable from module 'model'?

The above exception was the direct cause of the following exception:

Traceback (most recent call last):
  File "/e/project1/crescendo/reim1/ml-simplefold/src/simplefold/utils/utils.py", line 185, in wrap
    task_func(cfg=cfg)
  File "/e/project1/crescendo/reim1/ml-simplefold/src/simplefold/train.py", line 49, in train
    model: LightningModule = hydra.utils.instantiate(cfg.model)
  File "/e/project1/crescendo/reim1/ml-simplefold/.venv/lib/python3.10/site-packages/hydra/_internal/instantiate/_instantiate2.py", line 226, in instantiate
    return instantiate_node(
  File "/e/project1/crescendo/reim1/ml-simplefold/.venv/lib/python3.10/site-packages/hydra/_internal/instantiate/_instantiate2.py", line 333, in instantiate_node
    _target_ = _resolve_target(node.get(_Keys.TARGET), full_key)
  File "/e/project1/crescendo/reim1/ml-simplefold/.venv/lib/python3.10/site-packages/hydra/_internal/instantiate/_instantiate2.py", line 139, in _resolve_target
    raise InstantiationException(msg) from e
hydra.errors.InstantiationException: Error locating target 'model.simplefold.SimpleFold', set env var HYDRA_FULL_ERROR=1 to see chained exception.
full_key: model
[2026-06-16 12:36:25,325][utils.utils][INFO] - [rank: 0] Output dir: ./artifacts/
[2026-06-16 12:37:24,368][utils.utils][INFO] - [rank: 0] Printing config tree with Rich! <cfg.extras.print_config=True>
[2026-06-16 12:37:24,415][__main__][INFO] - [rank: 0] Instantiating model <model.simplefold.SimpleFold>
[2026-06-16 12:37:28,592][utils.utils][ERROR] - [rank: 0] 
Traceback (most recent call last):
  File "/e/project1/crescendo/reim1/ml-simplefold/.venv/lib/python3.10/site-packages/hydra/_internal/instantiate/_instantiate2.py", line 92, in _call_target
    return _target_(*args, **kwargs)
  File "/e/project1/crescendo/reim1/ml-simplefold/src/simplefold/model/torch/architecture.py", line 60, in __init__
    esm_s_dim = esm_model_dict[esm_model]["esm_s_dim"]
KeyError: 'prot_t5'

The above exception was the direct cause of the following exception:

Traceback (most recent call last):
  File "/e/project1/crescendo/reim1/ml-simplefold/src/simplefold/utils/utils.py", line 185, in wrap
    task_func(cfg=cfg)
  File "/e/project1/crescendo/reim1/ml-simplefold/src/simplefold/train.py", line 49, in train
    model: LightningModule = hydra.utils.instantiate(cfg.model)
  File "/e/project1/crescendo/reim1/ml-simplefold/.venv/lib/python3.10/site-packages/hydra/_internal/instantiate/_instantiate2.py", line 226, in instantiate
    return instantiate_node(
  File "/e/project1/crescendo/reim1/ml-simplefold/.venv/lib/python3.10/site-packages/hydra/_internal/instantiate/_instantiate2.py", line 342, in instantiate_node
    value = instantiate_node(
  File "/e/project1/crescendo/reim1/ml-simplefold/.venv/lib/python3.10/site-packages/hydra/_internal/instantiate/_instantiate2.py", line 347, in instantiate_node
    return _call_target(_target_, partial, args, kwargs, full_key)
  File "/e/project1/crescendo/reim1/ml-simplefold/.venv/lib/python3.10/site-packages/hydra/_internal/instantiate/_instantiate2.py", line 97, in _call_target
    raise InstantiationException(msg) from e
hydra.errors.InstantiationException: Error in call to target 'model.torch.architecture.FoldingDiT':
KeyError('prot_t5')
full_key: model.architecture
[2026-06-16 12:37:28,611][utils.utils][INFO] - [rank: 0] Output dir: ./artifacts/
[2026-06-16 12:44:56,006][utils.utils][INFO] - [rank: 0] Printing config tree with Rich! <cfg.extras.print_config=True>
[2026-06-16 12:44:56,241][__main__][INFO] - [rank: 0] Instantiating model <model.simplefold.SimpleFold>
[2026-06-16 12:45:04,342][httpx][INFO] - HTTP Request: HEAD https://huggingface.co/Rostlab/prot_t5_xl_bfd/resolve/main/tokenizer_config.json "HTTP/1.1 307 Temporary Redirect"
[2026-06-16 12:45:04,469][httpx][INFO] - HTTP Request: HEAD https://huggingface.co/api/resolve-cache/models/Rostlab/prot_t5_xl_bfd/7ae1d5c1d148d6c65c7e294cc72807e5b454fdb7/tokenizer_config.json "HTTP/1.1 200 OK"
[2026-06-16 12:45:04,646][httpx][INFO] - HTTP Request: GET https://huggingface.co/api/resolve-cache/models/Rostlab/prot_t5_xl_bfd/7ae1d5c1d148d6c65c7e294cc72807e5b454fdb7/tokenizer_config.json "HTTP/1.1 200 OK"
[2026-06-16 12:45:04,790][httpx][INFO] - HTTP Request: GET https://huggingface.co/api/models/Rostlab/prot_t5_xl_bfd/tree/main/additional_chat_templates?recursive=false&expand=false "HTTP/1.1 404 Not Found"
[2026-06-16 12:45:04,940][httpx][INFO] - HTTP Request: GET https://huggingface.co/api/models/Rostlab/prot_t5_xl_bfd/tree/main?recursive=true&expand=false "HTTP/1.1 200 OK"
[2026-06-16 12:45:05,090][httpx][INFO] - HTTP Request: HEAD https://huggingface.co/Rostlab/prot_t5_xl_bfd/resolve/main/spiece.model "HTTP/1.1 307 Temporary Redirect"
[2026-06-16 12:45:05,229][httpx][INFO] - HTTP Request: HEAD https://huggingface.co/api/resolve-cache/models/Rostlab/prot_t5_xl_bfd/7ae1d5c1d148d6c65c7e294cc72807e5b454fdb7/spiece.model "HTTP/1.1 200 OK"
[2026-06-16 12:45:05,366][httpx][INFO] - HTTP Request: GET https://huggingface.co/api/resolve-cache/models/Rostlab/prot_t5_xl_bfd/7ae1d5c1d148d6c65c7e294cc72807e5b454fdb7/spiece.model "HTTP/1.1 200 OK"
[2026-06-16 12:45:05,552][httpx][INFO] - HTTP Request: HEAD https://huggingface.co/Rostlab/prot_t5_xl_bfd/resolve/main/tokenizer.json "HTTP/1.1 404 Not Found"
[2026-06-16 12:45:05,697][httpx][INFO] - HTTP Request: HEAD https://huggingface.co/Rostlab/prot_t5_xl_bfd/resolve/main/added_tokens.json "HTTP/1.1 404 Not Found"
[2026-06-16 12:45:05,845][httpx][INFO] - HTTP Request: HEAD https://huggingface.co/Rostlab/prot_t5_xl_bfd/resolve/main/special_tokens_map.json "HTTP/1.1 307 Temporary Redirect"
[2026-06-16 12:45:05,990][httpx][INFO] - HTTP Request: HEAD https://huggingface.co/api/resolve-cache/models/Rostlab/prot_t5_xl_bfd/7ae1d5c1d148d6c65c7e294cc72807e5b454fdb7/special_tokens_map.json "HTTP/1.1 200 OK"
[2026-06-16 12:45:06,247][httpx][INFO] - HTTP Request: GET https://huggingface.co/api/resolve-cache/models/Rostlab/prot_t5_xl_bfd/7ae1d5c1d148d6c65c7e294cc72807e5b454fdb7/special_tokens_map.json "HTTP/1.1 200 OK"
[2026-06-16 12:45:06,384][httpx][INFO] - HTTP Request: HEAD https://huggingface.co/Rostlab/prot_t5_xl_bfd/resolve/main/chat_template.jinja "HTTP/1.1 404 Not Found"
[2026-06-16 12:45:06,386][utils.utils][ERROR] - [rank: 0] 
Traceback (most recent call last):
  File "/e/project1/crescendo/reim1/ml-simplefold/.venv/lib/python3.10/site-packages/transformers/tokenization_utils_tokenizers.py", line 217, in convert_to_native_format
    extractor = SentencePieceExtractor(vocab_file)
  File "/e/project1/crescendo/reim1/ml-simplefold/.venv/lib/python3.10/site-packages/transformers/convert_slow_tokenizer.py", line 152, in __init__
    requires_backends(self, "sentencepiece")
  File "/e/project1/crescendo/reim1/ml-simplefold/.venv/lib/python3.10/site-packages/transformers/utils/import_utils.py", line 2076, in requires_backends
    raise ImportError("".join(failed))
ImportError: 
SentencePieceExtractor requires the SentencePiece library but it was not found in your environment. Check out the instructions on the
installation page of its repo: https://github.com/google/sentencepiece#installation and follow the ones
that match your environment. Please note that you may need to restart your runtime after installation.


During handling of the above exception, another exception occurred:

Traceback (most recent call last):
  File "/e/project1/crescendo/reim1/ml-simplefold/.venv/lib/python3.10/site-packages/transformers/convert_slow_tokenizer.py", line 1920, in extract_vocab_merges_from_model
    from tiktoken.load import load_tiktoken_bpe
ModuleNotFoundError: No module named 'tiktoken'

During handling of the above exception, another exception occurred:

Traceback (most recent call last):
  File "/e/project1/crescendo/reim1/ml-simplefold/.venv/lib/python3.10/site-packages/hydra/_internal/instantiate/_instantiate2.py", line 92, in _call_target
    return _target_(*args, **kwargs)
  File "/e/project1/crescendo/reim1/ml-simplefold/src/simplefold/model/simplefold.py", line 127, in __init__
    self.plm_adapter = esm_registry[esm_model]()
  File "/e/project1/crescendo/reim1/ml-simplefold/src/simplefold/utils/esm_utils.py", line 40, in load_wrapped_prott5
    tokenizer = T5Tokenizer.from_pretrained(model_key)
  File "/e/project1/crescendo/reim1/ml-simplefold/.venv/lib/python3.10/site-packages/transformers/tokenization_utils_base.py", line 1744, in from_pretrained
    return cls._from_pretrained(
  File "/e/project1/crescendo/reim1/ml-simplefold/.venv/lib/python3.10/site-packages/transformers/tokenization_utils_base.py", line 1931, in _from_pretrained
    init_kwargs = cls.convert_to_native_format(**init_kwargs)
  File "/e/project1/crescendo/reim1/ml-simplefold/.venv/lib/python3.10/site-packages/transformers/tokenization_utils_tokenizers.py", line 283, in convert_to_native_format
    local_kwargs["tokenizer_object"] = converter.converted()
  File "/e/project1/crescendo/reim1/ml-simplefold/.venv/lib/python3.10/site-packages/transformers/convert_slow_tokenizer.py", line 1957, in converted
    tokenizer = self.tokenizer()
  File "/e/project1/crescendo/reim1/ml-simplefold/.venv/lib/python3.10/site-packages/transformers/convert_slow_tokenizer.py", line 1950, in tokenizer
    vocab_scores, merges = self.extract_vocab_merges_from_model(self.vocab_file)
  File "/e/project1/crescendo/reim1/ml-simplefold/.venv/lib/python3.10/site-packages/transformers/convert_slow_tokenizer.py", line 1922, in extract_vocab_merges_from_model
    raise ValueError(
ValueError: `tiktoken` is required to read a `tiktoken` file. Install it with `pip install tiktoken`.

The above exception was the direct cause of the following exception:

Traceback (most recent call last):
  File "/e/project1/crescendo/reim1/ml-simplefold/src/simplefold/utils/utils.py", line 185, in wrap
    task_func(cfg=cfg)
  File "/e/project1/crescendo/reim1/ml-simplefold/src/simplefold/train.py", line 49, in train
    model: LightningModule = hydra.utils.instantiate(cfg.model)
  File "/e/project1/crescendo/reim1/ml-simplefold/.venv/lib/python3.10/site-packages/hydra/_internal/instantiate/_instantiate2.py", line 226, in instantiate
    return instantiate_node(
  File "/e/project1/crescendo/reim1/ml-simplefold/.venv/lib/python3.10/site-packages/hydra/_internal/instantiate/_instantiate2.py", line 347, in instantiate_node
    return _call_target(_target_, partial, args, kwargs, full_key)
  File "/e/project1/crescendo/reim1/ml-simplefold/.venv/lib/python3.10/site-packages/hydra/_internal/instantiate/_instantiate2.py", line 97, in _call_target
    raise InstantiationException(msg) from e
hydra.errors.InstantiationException: Error in call to target 'model.simplefold.SimpleFold':
ValueError('`tiktoken` is required to read a `tiktoken` file. Install it with `pip install tiktoken`.')
full_key: model
[2026-06-16 12:45:06,442][utils.utils][INFO] - [rank: 0] Output dir: ./artifacts/
[2026-06-16 12:45:41,429][utils.utils][INFO] - [rank: 0] Printing config tree with Rich! <cfg.extras.print_config=True>
[2026-06-16 12:45:41,476][__main__][INFO] - [rank: 0] Instantiating model <model.simplefold.SimpleFold>
[2026-06-16 12:45:42,540][httpx][INFO] - HTTP Request: HEAD https://huggingface.co/Rostlab/prot_t5_xl_bfd/resolve/main/tokenizer_config.json "HTTP/1.1 307 Temporary Redirect"
[2026-06-16 12:45:42,561][httpx][INFO] - HTTP Request: HEAD https://huggingface.co/api/resolve-cache/models/Rostlab/prot_t5_xl_bfd/7ae1d5c1d148d6c65c7e294cc72807e5b454fdb7/tokenizer_config.json "HTTP/1.1 200 OK"
[2026-06-16 12:45:42,689][httpx][INFO] - HTTP Request: GET https://huggingface.co/api/models/Rostlab/prot_t5_xl_bfd/tree/main/additional_chat_templates?recursive=false&expand=false "HTTP/1.1 404 Not Found"
[2026-06-16 12:45:42,823][httpx][INFO] - HTTP Request: GET https://huggingface.co/api/models/Rostlab/prot_t5_xl_bfd/tree/main?recursive=true&expand=false "HTTP/1.1 200 OK"
[2026-06-16 12:45:42,835][utils.utils][ERROR] - [rank: 0] 
Traceback (most recent call last):
  File "/e/project1/crescendo/reim1/ml-simplefold/.venv/lib/python3.10/site-packages/transformers/tokenization_utils_tokenizers.py", line 217, in convert_to_native_format
    extractor = SentencePieceExtractor(vocab_file)
  File "/e/project1/crescendo/reim1/ml-simplefold/.venv/lib/python3.10/site-packages/transformers/convert_slow_tokenizer.py", line 152, in __init__
    requires_backends(self, "sentencepiece")
  File "/e/project1/crescendo/reim1/ml-simplefold/.venv/lib/python3.10/site-packages/transformers/utils/import_utils.py", line 2076, in requires_backends
    raise ImportError("".join(failed))
ImportError: 
SentencePieceExtractor requires the SentencePiece library but it was not found in your environment. Check out the instructions on the
installation page of its repo: https://github.com/google/sentencepiece#installation and follow the ones
that match your environment. Please note that you may need to restart your runtime after installation.


During handling of the above exception, another exception occurred:

Traceback (most recent call last):
  File "/e/project1/crescendo/reim1/ml-simplefold/.venv/lib/python3.10/site-packages/tiktoken/load.py", line 167, in load_tiktoken_bpe
    token, rank = line.split()
ValueError: not enough values to unpack (expected 2, got 1)

The above exception was the direct cause of the following exception:

Traceback (most recent call last):
  File "/e/project1/crescendo/reim1/ml-simplefold/.venv/lib/python3.10/site-packages/hydra/_internal/instantiate/_instantiate2.py", line 92, in _call_target
    return _target_(*args, **kwargs)
  File "/e/project1/crescendo/reim1/ml-simplefold/src/simplefold/model/simplefold.py", line 127, in __init__
    self.plm_adapter = esm_registry[esm_model]()
  File "/e/project1/crescendo/reim1/ml-simplefold/src/simplefold/utils/esm_utils.py", line 40, in load_wrapped_prott5
    tokenizer = T5Tokenizer.from_pretrained(model_key)
  File "/e/project1/crescendo/reim1/ml-simplefold/.venv/lib/python3.10/site-packages/transformers/tokenization_utils_base.py", line 1744, in from_pretrained
    return cls._from_pretrained(
  File "/e/project1/crescendo/reim1/ml-simplefold/.venv/lib/python3.10/site-packages/transformers/tokenization_utils_base.py", line 1931, in _from_pretrained
    init_kwargs = cls.convert_to_native_format(**init_kwargs)
  File "/e/project1/crescendo/reim1/ml-simplefold/.venv/lib/python3.10/site-packages/transformers/tokenization_utils_tokenizers.py", line 283, in convert_to_native_format
    local_kwargs["tokenizer_object"] = converter.converted()
  File "/e/project1/crescendo/reim1/ml-simplefold/.venv/lib/python3.10/site-packages/transformers/convert_slow_tokenizer.py", line 1957, in converted
    tokenizer = self.tokenizer()
  File "/e/project1/crescendo/reim1/ml-simplefold/.venv/lib/python3.10/site-packages/transformers/convert_slow_tokenizer.py", line 1950, in tokenizer
    vocab_scores, merges = self.extract_vocab_merges_from_model(self.vocab_file)
  File "/e/project1/crescendo/reim1/ml-simplefold/.venv/lib/python3.10/site-packages/transformers/convert_slow_tokenizer.py", line 1926, in extract_vocab_merges_from_model
    bpe_ranks = load_tiktoken_bpe(tiktoken_url)
  File "/e/project1/crescendo/reim1/ml-simplefold/.venv/lib/python3.10/site-packages/tiktoken/load.py", line 170, in load_tiktoken_bpe
    raise ValueError(f"Error parsing line {line!r} in {tiktoken_bpe_file}") from e
ValueError: Error parsing line b'\x0e' in /e/project1/crescendo/reim1/.cache/hf-cache/models--Rostlab--prot_t5_xl_bfd/snapshots/7ae1d5c1d148d6c65c7e294cc72807e5b454fdb7/spiece.model

The above exception was the direct cause of the following exception:

Traceback (most recent call last):
  File "/e/project1/crescendo/reim1/ml-simplefold/src/simplefold/utils/utils.py", line 185, in wrap
    task_func(cfg=cfg)
  File "/e/project1/crescendo/reim1/ml-simplefold/src/simplefold/train.py", line 49, in train
    model: LightningModule = hydra.utils.instantiate(cfg.model)
  File "/e/project1/crescendo/reim1/ml-simplefold/.venv/lib/python3.10/site-packages/hydra/_internal/instantiate/_instantiate2.py", line 226, in instantiate
    return instantiate_node(
  File "/e/project1/crescendo/reim1/ml-simplefold/.venv/lib/python3.10/site-packages/hydra/_internal/instantiate/_instantiate2.py", line 347, in instantiate_node
    return _call_target(_target_, partial, args, kwargs, full_key)
  File "/e/project1/crescendo/reim1/ml-simplefold/.venv/lib/python3.10/site-packages/hydra/_internal/instantiate/_instantiate2.py", line 97, in _call_target
    raise InstantiationException(msg) from e
hydra.errors.InstantiationException: Error in call to target 'model.simplefold.SimpleFold':
ValueError("Error parsing line b'\\x0e' in /e/project1/crescendo/reim1/.cache/hf-cache/models--Rostlab--prot_t5_xl_bfd/snapshots/7ae1d5c1d148d6c65c7e294cc72807e5b454fdb7/spiece.model")
full_key: model
[2026-06-16 12:45:42,837][utils.utils][INFO] - [rank: 0] Output dir: ./artifacts/
[2026-06-16 13:01:44,863][utils.utils][INFO] - [rank: 0] Printing config tree with Rich! <cfg.extras.print_config=True>
[2026-06-16 13:01:44,910][__main__][INFO] - [rank: 0] Instantiating model <model.simplefold.SimpleFold>
[2026-06-16 13:01:46,011][httpx][INFO] - HTTP Request: HEAD https://huggingface.co/Rostlab/prot_t5_xl_bfd/resolve/main/tokenizer_config.json "HTTP/1.1 307 Temporary Redirect"
[2026-06-16 13:01:46,022][httpx][INFO] - HTTP Request: HEAD https://huggingface.co/api/resolve-cache/models/Rostlab/prot_t5_xl_bfd/7ae1d5c1d148d6c65c7e294cc72807e5b454fdb7/tokenizer_config.json "HTTP/1.1 200 OK"
[2026-06-16 13:01:46,144][httpx][INFO] - HTTP Request: GET https://huggingface.co/api/models/Rostlab/prot_t5_xl_bfd/tree/main/additional_chat_templates?recursive=false&expand=false "HTTP/1.1 404 Not Found"
[2026-06-16 13:01:46,284][httpx][INFO] - HTTP Request: GET https://huggingface.co/api/models/Rostlab/prot_t5_xl_bfd/tree/main?recursive=true&expand=false "HTTP/1.1 200 OK"
[2026-06-16 13:01:46,896][httpx][INFO] - HTTP Request: HEAD https://huggingface.co/Rostlab/prot_t5_xl_bfd/resolve/main/config.json "HTTP/1.1 307 Temporary Redirect"
[2026-06-16 13:01:47,019][httpx][INFO] - HTTP Request: HEAD https://huggingface.co/api/resolve-cache/models/Rostlab/prot_t5_xl_bfd/7ae1d5c1d148d6c65c7e294cc72807e5b454fdb7/config.json "HTTP/1.1 200 OK"
[2026-06-16 13:01:47,165][httpx][INFO] - HTTP Request: GET https://huggingface.co/api/resolve-cache/models/Rostlab/prot_t5_xl_bfd/7ae1d5c1d148d6c65c7e294cc72807e5b454fdb7/config.json "HTTP/1.1 200 OK"
[2026-06-16 13:01:47,298][httpx][INFO] - HTTP Request: HEAD https://huggingface.co/Rostlab/prot_t5_xl_bfd/resolve/main/model.safetensors "HTTP/1.1 404 Not Found"
[2026-06-16 13:01:47,421][httpx][INFO] - HTTP Request: HEAD https://huggingface.co/Rostlab/prot_t5_xl_bfd/resolve/main/model.safetensors.index.json "HTTP/1.1 404 Not Found"
[2026-06-16 13:01:47,550][httpx][INFO] - HTTP Request: HEAD https://huggingface.co/Rostlab/prot_t5_xl_bfd/resolve/main/pytorch_model.bin "HTTP/1.1 302 Found"
[2026-06-16 13:01:47,772][httpx][INFO] - HTTP Request: GET https://huggingface.co/api/models/Rostlab/prot_t5_xl_bfd/xet-read-token/7ae1d5c1d148d6c65c7e294cc72807e5b454fdb7 "HTTP/1.1 200 OK"
[2026-06-16 13:02:09,152][httpx][INFO] - HTTP Request: HEAD https://huggingface.co/Rostlab/prot_t5_xl_bfd/resolve/main/model.safetensors "HTTP/1.1 404 Not Found"
[2026-06-16 13:02:09,278][httpx][INFO] - HTTP Request: GET https://huggingface.co/api/models/Rostlab/prot_t5_xl_bfd "HTTP/1.1 200 OK"
[2026-06-16 13:02:09,433][httpx][INFO] - HTTP Request: GET https://huggingface.co/api/models/Rostlab/prot_t5_xl_bfd/commits/main "HTTP/1.1 200 OK"
[2026-06-16 13:02:09,621][httpx][INFO] - HTTP Request: GET https://huggingface.co/api/models/Rostlab/prot_t5_xl_bfd/discussions?p=0 "HTTP/1.1 200 OK"
[2026-06-16 13:02:09,698][__main__][INFO] - [rank: 0] Instantiating datamodule <datasets.train_datamodule.SimpleFoldTrainingDataModule>
[2026-06-16 13:02:09,899][httpx][INFO] - HTTP Request: GET https://huggingface.co/api/models/Rostlab/prot_t5_xl_bfd/commits/refs%2Fpr%2F2 "HTTP/1.1 200 OK"
[2026-06-16 13:02:10,104][httpx][INFO] - HTTP Request: HEAD https://huggingface.co/Rostlab/prot_t5_xl_bfd/resolve/refs%2Fpr%2F2/model.safetensors.index.json "HTTP/1.1 404 Not Found"
[2026-06-16 13:02:10,123][__main__][INFO] - [rank: 0] Instantiating callbacks...
[2026-06-16 13:02:10,124][utils.instantiators][INFO] - [rank: 0] Instantiating callback <lightning.pytorch.callbacks.ModelCheckpoint>
[2026-06-16 13:02:10,145][utils.instantiators][INFO] - [rank: 0] Instantiating callback <lightning.pytorch.callbacks.RichModelSummary>
[2026-06-16 13:02:10,145][__main__][INFO] - [rank: 0] Instantiating loggers...
[2026-06-16 13:02:10,145][utils.instantiators][INFO] - [rank: 0] Instantiating logger <lightning.pytorch.loggers.tensorboard.TensorBoardLogger>
[2026-06-16 13:02:10,161][__main__][INFO] - [rank: 0] Instantiating trainer <lightning.pytorch.trainer.Trainer>
[2026-06-16 13:02:10,194][__main__][INFO] - [rank: 0] Logging hyperparameters!
[2026-06-16 13:02:10,255][httpx][INFO] - HTTP Request: HEAD https://huggingface.co/Rostlab/prot_t5_xl_bfd/resolve/refs%2Fpr%2F2/model.safetensors "HTTP/1.1 302 Found"
[2026-06-16 13:02:10,380][httpx][INFO] - HTTP Request: GET https://huggingface.co/api/models/Rostlab/prot_t5_xl_bfd/xet-read-token/30f629a340a36dbae4a215042a2438a94486b680 "HTTP/1.1 200 OK"
[2026-06-16 13:02:11,408][__main__][INFO] - [rank: 0] Starting training!
[2026-06-16 13:11:16,494][utils.utils][INFO] - [rank: 0] Output dir: ./artifacts/
[2026-06-16 13:23:55,865][utils.utils][INFO] - [rank: 0] Printing config tree with Rich! <cfg.extras.print_config=True>
[2026-06-16 13:23:56,184][__main__][INFO] - [rank: 0] Instantiating model <model.simplefold.SimpleFold>
[2026-06-16 13:24:05,891][huggingface_hub.utils._http][WARNING] - '[Errno 101] Network is unreachable' thrown while requesting HEAD https://huggingface.co/Rostlab/prot_t5_xl_bfd/resolve/main/model.safetensors
[2026-06-16 13:24:05,892][huggingface_hub.utils._http][WARNING] - Retrying in 1s [Retry 1/5].
[2026-06-16 13:24:06,895][utils.utils][ERROR] - [rank: 0] 
Traceback (most recent call last):
  File "/e/project1/crescendo/reim1/ml-simplefold/.venv/lib/python3.10/site-packages/transformers/modeling_utils.py", line 678, in _get_resolved_checkpoint_files
    resolved_archive_file = cached_file(pretrained_model_name_or_path, filename, **cached_file_kwargs)
  File "/e/project1/crescendo/reim1/ml-simplefold/.venv/lib/python3.10/site-packages/transformers/utils/hub.py", line 293, in cached_file
    file = cached_files(path_or_repo_id=path_or_repo_id, filenames=[filename], **kwargs)
  File "/e/project1/crescendo/reim1/ml-simplefold/.venv/lib/python3.10/site-packages/transformers/utils/hub.py", line 527, in cached_files
    raise e
  File "/e/project1/crescendo/reim1/ml-simplefold/.venv/lib/python3.10/site-packages/transformers/utils/hub.py", line 437, in cached_files
    hf_hub_download(
  File "/e/project1/crescendo/reim1/ml-simplefold/.venv/lib/python3.10/site-packages/huggingface_hub/utils/_validators.py", line 88, in _inner_fn
    return fn(*args, **kwargs)
  File "/e/project1/crescendo/reim1/ml-simplefold/.venv/lib/python3.10/site-packages/huggingface_hub/file_download.py", line 1010, in hf_hub_download
    return _hf_hub_download_to_cache_dir(
  File "/e/project1/crescendo/reim1/ml-simplefold/.venv/lib/python3.10/site-packages/huggingface_hub/file_download.py", line 1143, in _hf_hub_download_to_cache_dir
    _get_metadata_or_catch_error(
  File "/e/project1/crescendo/reim1/ml-simplefold/.venv/lib/python3.10/site-packages/huggingface_hub/file_download.py", line 1682, in _get_metadata_or_catch_error
    metadata = get_hf_file_metadata(
  File "/e/project1/crescendo/reim1/ml-simplefold/.venv/lib/python3.10/site-packages/huggingface_hub/utils/_validators.py", line 88, in _inner_fn
    return fn(*args, **kwargs)
  File "/e/project1/crescendo/reim1/ml-simplefold/.venv/lib/python3.10/site-packages/huggingface_hub/file_download.py", line 1604, in get_hf_file_metadata
    response = _httpx_follow_relative_redirects_with_backoff(
  File "/e/project1/crescendo/reim1/ml-simplefold/.venv/lib/python3.10/site-packages/huggingface_hub/utils/_http.py", line 685, in _httpx_follow_relative_redirects_with_backoff
    response = http_backoff(
  File "/e/project1/crescendo/reim1/ml-simplefold/.venv/lib/python3.10/site-packages/huggingface_hub/utils/_http.py", line 559, in http_backoff
    return next(
  File "/e/project1/crescendo/reim1/ml-simplefold/.venv/lib/python3.10/site-packages/huggingface_hub/utils/_http.py", line 467, in _http_backoff_base
    response = client.request(method=method, url=url, **kwargs)
  File "/e/project1/crescendo/reim1/ml-simplefold/.venv/lib/python3.10/site-packages/httpx/_client.py", line 825, in request
    return self.send(request, auth=auth, follow_redirects=follow_redirects)
  File "/e/project1/crescendo/reim1/ml-simplefold/.venv/lib/python3.10/site-packages/httpx/_client.py", line 901, in send
    raise RuntimeError("Cannot send a request, as the client has been closed.")
RuntimeError: Cannot send a request, as the client has been closed.

The above exception was the direct cause of the following exception:

Traceback (most recent call last):
  File "/e/project1/crescendo/reim1/ml-simplefold/.venv/lib/python3.10/site-packages/hydra/_internal/instantiate/_instantiate2.py", line 92, in _call_target
    return _target_(*args, **kwargs)
  File "/e/project1/crescendo/reim1/ml-simplefold/src/simplefold/model/simplefold.py", line 127, in __init__
    self.plm_adapter = esm_registry[esm_model]()
  File "/e/project1/crescendo/reim1/ml-simplefold/src/simplefold/utils/esm_utils.py", line 41, in load_wrapped_prott5
    model = T5EncoderModel.from_pretrained(model_key)
  File "/e/project1/crescendo/reim1/ml-simplefold/.venv/lib/python3.10/site-packages/transformers/modeling_utils.py", line 4229, in from_pretrained
    checkpoint_files, sharded_metadata = _get_resolved_checkpoint_files(
  File "/e/project1/crescendo/reim1/ml-simplefold/.venv/lib/python3.10/site-packages/transformers/modeling_utils.py", line 758, in _get_resolved_checkpoint_files
    raise OSError(
OSError: Can't load the model for 'Rostlab/prot_t5_xl_bfd'. If you were trying to load it from 'https://huggingface.co/models', make sure you don't have a local directory with the same name. Otherwise, make sure 'Rostlab/prot_t5_xl_bfd' is the correct path to a directory containing a file named pytorch_model.bin.

The above exception was the direct cause of the following exception:

Traceback (most recent call last):
  File "/e/project1/crescendo/reim1/ml-simplefold/src/simplefold/utils/utils.py", line 185, in wrap
    task_func(cfg=cfg)
  File "/e/project1/crescendo/reim1/ml-simplefold/src/simplefold/train.py", line 49, in train
    model: LightningModule = hydra.utils.instantiate(cfg.model)
  File "/e/project1/crescendo/reim1/ml-simplefold/.venv/lib/python3.10/site-packages/hydra/_internal/instantiate/_instantiate2.py", line 226, in instantiate
    return instantiate_node(
  File "/e/project1/crescendo/reim1/ml-simplefold/.venv/lib/python3.10/site-packages/hydra/_internal/instantiate/_instantiate2.py", line 347, in instantiate_node
    return _call_target(_target_, partial, args, kwargs, full_key)
  File "/e/project1/crescendo/reim1/ml-simplefold/.venv/lib/python3.10/site-packages/hydra/_internal/instantiate/_instantiate2.py", line 97, in _call_target
    raise InstantiationException(msg) from e
hydra.errors.InstantiationException: Error in call to target 'model.simplefold.SimpleFold':
OSError("Can't load the model for 'Rostlab/prot_t5_xl_bfd'. If you were trying to load it from 'https://huggingface.co/models', make sure you don't have a local directory with the same name. Otherwise, make sure 'Rostlab/prot_t5_xl_bfd' is the correct path to a directory containing a file named pytorch_model.bin.")
full_key: model
[2026-06-16 13:24:07,055][utils.utils][INFO] - [rank: 0] Output dir: ./artifacts/
[2026-06-16 13:42:26,822][utils.utils][INFO] - [rank: 0] Printing config tree with Rich! <cfg.extras.print_config=True>
[2026-06-16 13:42:27,063][__main__][INFO] - [rank: 0] Instantiating model <model.simplefold.SimpleFold>
[2026-06-16 13:42:31,583][utils.utils][ERROR] - [rank: 0] 
Traceback (most recent call last):
  File "/e/project1/crescendo/reim1/ml-simplefold/.venv/lib/python3.10/site-packages/hydra/_internal/instantiate/_instantiate2.py", line 92, in _call_target
    return _target_(*args, **kwargs)
  File "/e/project1/crescendo/reim1/ml-simplefold/src/simplefold/model/torch/architecture.py", line 60, in __init__
    esm_s_dim = esm_model_dict[esm_model]["esm_s_dim"]
KeyError: 'prot_t5_offline'

The above exception was the direct cause of the following exception:

Traceback (most recent call last):
  File "/e/project1/crescendo/reim1/ml-simplefold/src/simplefold/utils/utils.py", line 185, in wrap
    task_func(cfg=cfg)
  File "/e/project1/crescendo/reim1/ml-simplefold/src/simplefold/train.py", line 49, in train
    model: LightningModule = hydra.utils.instantiate(cfg.model)
  File "/e/project1/crescendo/reim1/ml-simplefold/.venv/lib/python3.10/site-packages/hydra/_internal/instantiate/_instantiate2.py", line 226, in instantiate
    return instantiate_node(
  File "/e/project1/crescendo/reim1/ml-simplefold/.venv/lib/python3.10/site-packages/hydra/_internal/instantiate/_instantiate2.py", line 342, in instantiate_node
    value = instantiate_node(
  File "/e/project1/crescendo/reim1/ml-simplefold/.venv/lib/python3.10/site-packages/hydra/_internal/instantiate/_instantiate2.py", line 347, in instantiate_node
    return _call_target(_target_, partial, args, kwargs, full_key)
  File "/e/project1/crescendo/reim1/ml-simplefold/.venv/lib/python3.10/site-packages/hydra/_internal/instantiate/_instantiate2.py", line 97, in _call_target
    raise InstantiationException(msg) from e
hydra.errors.InstantiationException: Error in call to target 'model.torch.architecture.FoldingDiT':
KeyError('prot_t5_offline')
full_key: model.architecture
[2026-06-16 13:42:31,609][utils.utils][INFO] - [rank: 0] Output dir: ./artifacts/
[2026-06-16 13:47:21,930][utils.utils][INFO] - [rank: 0] Printing config tree with Rich! <cfg.extras.print_config=True>
[2026-06-16 13:47:22,141][__main__][INFO] - [rank: 0] Instantiating model <model.simplefold.SimpleFold>
[2026-06-16 13:47:25,754][utils.utils][ERROR] - [rank: 0] 
Traceback (most recent call last):
  File "/e/project1/crescendo/reim1/ml-simplefold/.venv/lib/python3.10/site-packages/hydra/_internal/instantiate/_instantiate2.py", line 92, in _call_target
    return _target_(*args, **kwargs)
  File "/e/project1/crescendo/reim1/ml-simplefold/src/simplefold/model/simplefold.py", line 127, in __init__
    self.plm_adapter = esm_registry[esm_model]()
  File "/e/project1/crescendo/reim1/ml-simplefold/src/simplefold/utils/esm_utils.py", line 47, in load_wrapped_prott5
    model_key = model_key if internet else hf_offline_paths[model_key]
KeyError: 'Rostlab/prot_t5_xl_bfd'

The above exception was the direct cause of the following exception:

Traceback (most recent call last):
  File "/e/project1/crescendo/reim1/ml-simplefold/src/simplefold/utils/utils.py", line 185, in wrap
    task_func(cfg=cfg)
  File "/e/project1/crescendo/reim1/ml-simplefold/src/simplefold/train.py", line 49, in train
    model: LightningModule = hydra.utils.instantiate(cfg.model)
  File "/e/project1/crescendo/reim1/ml-simplefold/.venv/lib/python3.10/site-packages/hydra/_internal/instantiate/_instantiate2.py", line 226, in instantiate
    return instantiate_node(
  File "/e/project1/crescendo/reim1/ml-simplefold/.venv/lib/python3.10/site-packages/hydra/_internal/instantiate/_instantiate2.py", line 347, in instantiate_node
    return _call_target(_target_, partial, args, kwargs, full_key)
  File "/e/project1/crescendo/reim1/ml-simplefold/.venv/lib/python3.10/site-packages/hydra/_internal/instantiate/_instantiate2.py", line 97, in _call_target
    raise InstantiationException(msg) from e
hydra.errors.InstantiationException: Error in call to target 'model.simplefold.SimpleFold':
KeyError('Rostlab/prot_t5_xl_bfd')
full_key: model
[2026-06-16 13:47:25,787][utils.utils][INFO] - [rank: 0] Output dir: ./artifacts/
[2026-06-16 14:01:37,609][utils.utils][INFO] - [rank: 0] Printing config tree with Rich! <cfg.extras.print_config=True>
[2026-06-16 14:01:37,876][__main__][INFO] - [rank: 0] Instantiating model <model.simplefold.SimpleFold>
[2026-06-16 14:02:15,886][__main__][INFO] - [rank: 0] Instantiating datamodule <datasets.train_datamodule.SimpleFoldTrainingDataModule>
[2026-06-16 14:02:16,466][__main__][INFO] - [rank: 0] Instantiating callbacks...
[2026-06-16 14:02:16,466][utils.instantiators][INFO] - [rank: 0] Instantiating callback <lightning.pytorch.callbacks.ModelCheckpoint>
[2026-06-16 14:02:16,481][utils.instantiators][INFO] - [rank: 0] Instantiating callback <lightning.pytorch.callbacks.RichModelSummary>
[2026-06-16 14:02:16,482][__main__][INFO] - [rank: 0] Instantiating loggers...
[2026-06-16 14:02:16,482][utils.instantiators][INFO] - [rank: 0] Instantiating logger <lightning.pytorch.loggers.tensorboard.TensorBoardLogger>
[2026-06-16 14:02:16,514][__main__][INFO] - [rank: 0] Instantiating trainer <lightning.pytorch.trainer.Trainer>
[2026-06-16 14:02:16,698][__main__][INFO] - [rank: 0] Logging hyperparameters!
[2026-06-16 14:02:18,067][__main__][INFO] - [rank: 0] Starting training!
[2026-06-16 14:02:18,079][utils.utils][ERROR] - [rank: 0] 
Traceback (most recent call last):
  File "/e/project1/crescendo/reim1/ml-simplefold/src/simplefold/utils/utils.py", line 185, in wrap
    task_func(cfg=cfg)
  File "/e/project1/crescendo/reim1/ml-simplefold/src/simplefold/train.py", line 93, in train
    trainer.fit(
  File "/e/project1/crescendo/reim1/ml-simplefold/.venv/lib/python3.10/site-packages/lightning/pytorch/trainer/trainer.py", line 561, in fit
    call._call_and_handle_interrupt(
  File "/e/project1/crescendo/reim1/ml-simplefold/.venv/lib/python3.10/site-packages/lightning/pytorch/trainer/call.py", line 47, in _call_and_handle_interrupt
    return trainer.strategy.launcher.launch(trainer_fn, *args, trainer=trainer, **kwargs)
  File "/e/project1/crescendo/reim1/ml-simplefold/.venv/lib/python3.10/site-packages/lightning/pytorch/strategies/launchers/subprocess_script.py", line 99, in launch
    self.cluster_environment.validate_settings(num_devices=self.num_processes, num_nodes=self.num_nodes)
  File "/e/project1/crescendo/reim1/ml-simplefold/.venv/lib/python3.10/site-packages/lightning/fabric/plugins/environments/slurm.py", line 163, in validate_settings
    raise ValueError(
ValueError: You set `devices=4` in Lightning, but the number of tasks per node configured in SLURM `--ntasks-per-node=1` does not match. HINT: Set `devices=1`.
[2026-06-16 14:02:18,144][utils.utils][INFO] - [rank: 0] Output dir: ./artifacts/
[2026-06-16 14:07:13,440][utils.utils][INFO] - [rank: 0] Printing config tree with Rich! <cfg.extras.print_config=True>
[2026-06-16 14:07:13,516][__main__][INFO] - [rank: 0] Instantiating model <model.simplefold.SimpleFold>
[2026-06-16 14:07:18,140][__main__][INFO] - [rank: 0] Instantiating datamodule <datasets.train_datamodule.SimpleFoldTrainingDataModule>
[2026-06-16 14:07:18,337][__main__][INFO] - [rank: 0] Instantiating callbacks...
[2026-06-16 14:07:18,338][utils.instantiators][INFO] - [rank: 0] Instantiating callback <lightning.pytorch.callbacks.ModelCheckpoint>
[2026-06-16 14:07:18,339][utils.instantiators][INFO] - [rank: 0] Instantiating callback <lightning.pytorch.callbacks.RichModelSummary>
[2026-06-16 14:07:18,340][__main__][INFO] - [rank: 0] Instantiating loggers...
[2026-06-16 14:07:18,340][utils.instantiators][INFO] - [rank: 0] Instantiating logger <lightning.pytorch.loggers.tensorboard.TensorBoardLogger>
[2026-06-16 14:07:18,343][__main__][INFO] - [rank: 0] Instantiating trainer <lightning.pytorch.trainer.Trainer>
[2026-06-16 14:07:18,840][__main__][INFO] - [rank: 0] Logging hyperparameters!
[2026-06-16 14:07:19,059][__main__][INFO] - [rank: 0] Starting training!
[2026-06-16 14:07:27,169][utils.utils][ERROR] - [rank: 0] 
Traceback (most recent call last):
  File "/e/project1/crescendo/reim1/ml-simplefold/src/simplefold/utils/utils.py", line 185, in wrap
    task_func(cfg=cfg)
  File "/e/project1/crescendo/reim1/ml-simplefold/src/simplefold/train.py", line 93, in train
    trainer.fit(
  File "/e/project1/crescendo/reim1/ml-simplefold/.venv/lib/python3.10/site-packages/lightning/pytorch/trainer/trainer.py", line 561, in fit
    call._call_and_handle_interrupt(
  File "/e/project1/crescendo/reim1/ml-simplefold/.venv/lib/python3.10/site-packages/lightning/pytorch/trainer/call.py", line 47, in _call_and_handle_interrupt
    return trainer.strategy.launcher.launch(trainer_fn, *args, trainer=trainer, **kwargs)
  File "/e/project1/crescendo/reim1/ml-simplefold/.venv/lib/python3.10/site-packages/lightning/pytorch/strategies/launchers/subprocess_script.py", line 105, in launch
    return function(*args, **kwargs)
  File "/e/project1/crescendo/reim1/ml-simplefold/.venv/lib/python3.10/site-packages/lightning/pytorch/trainer/trainer.py", line 599, in _fit_impl
    self._run(model, ckpt_path=ckpt_path)
  File "/e/project1/crescendo/reim1/ml-simplefold/.venv/lib/python3.10/site-packages/lightning/pytorch/trainer/trainer.py", line 974, in _run
    call._call_setup_hook(self)  # allow user to set up LightningModule in accelerator environment
  File "/e/project1/crescendo/reim1/ml-simplefold/.venv/lib/python3.10/site-packages/lightning/pytorch/trainer/call.py", line 107, in _call_setup_hook
    _call_lightning_datamodule_hook(trainer, "setup", stage=fn)
  File "/e/project1/crescendo/reim1/ml-simplefold/.venv/lib/python3.10/site-packages/lightning/pytorch/trainer/call.py", line 198, in _call_lightning_datamodule_hook
    return fn(*args, **kwargs)
  File "/e/project1/crescendo/reim1/ml-simplefold/src/simplefold/datasets/train_datamodule.py", line 366, in setup
    raise RuntimeError(
RuntimeError: Batch size (1) is not divisible by the number of devices (4).
[2026-06-16 14:07:27,170][utils.utils][INFO] - [rank: 0] Output dir: ./artifacts/
[2026-06-16 14:09:12,775][utils.utils][INFO] - [rank: 0] Printing config tree with Rich! <cfg.extras.print_config=True>
[2026-06-16 14:09:12,830][__main__][INFO] - [rank: 0] Instantiating model <model.simplefold.SimpleFold>
[2026-06-16 14:09:17,973][__main__][INFO] - [rank: 0] Instantiating datamodule <datasets.train_datamodule.SimpleFoldTrainingDataModule>
[2026-06-16 14:09:18,161][__main__][INFO] - [rank: 0] Instantiating callbacks...
[2026-06-16 14:09:18,162][utils.instantiators][INFO] - [rank: 0] Instantiating callback <lightning.pytorch.callbacks.ModelCheckpoint>
[2026-06-16 14:09:18,164][utils.instantiators][INFO] - [rank: 0] Instantiating callback <lightning.pytorch.callbacks.RichModelSummary>
[2026-06-16 14:09:18,164][__main__][INFO] - [rank: 0] Instantiating loggers...
[2026-06-16 14:09:18,164][utils.instantiators][INFO] - [rank: 0] Instantiating logger <lightning.pytorch.loggers.tensorboard.TensorBoardLogger>
[2026-06-16 14:09:18,167][__main__][INFO] - [rank: 0] Instantiating trainer <lightning.pytorch.trainer.Trainer>
[2026-06-16 14:09:18,649][__main__][INFO] - [rank: 0] Logging hyperparameters!
[2026-06-16 14:09:18,819][__main__][INFO] - [rank: 0] Starting training!
[2026-06-16 14:22:53,307][utils.utils][INFO] - [rank: 0] Printing config tree with Rich! <cfg.extras.print_config=True>
[2026-06-16 14:22:53,499][__main__][INFO] - [rank: 0] Instantiating model <model.simplefold.SimpleFold>
[2026-06-16 14:23:25,333][__main__][INFO] - [rank: 0] Instantiating datamodule <datasets.train_datamodule.SimpleFoldTrainingDataModule>
[2026-06-16 14:23:25,597][__main__][INFO] - [rank: 0] Instantiating callbacks...
[2026-06-16 14:23:25,597][utils.instantiators][INFO] - [rank: 0] Instantiating callback <lightning.pytorch.callbacks.ModelCheckpoint>
[2026-06-16 14:23:25,599][utils.instantiators][INFO] - [rank: 0] Instantiating callback <lightning.pytorch.callbacks.RichModelSummary>
[2026-06-16 14:23:25,599][__main__][INFO] - [rank: 0] Instantiating loggers...
[2026-06-16 14:23:25,599][utils.instantiators][INFO] - [rank: 0] Instantiating logger <lightning.pytorch.loggers.tensorboard.TensorBoardLogger>
[2026-06-16 14:23:25,602][__main__][INFO] - [rank: 0] Instantiating trainer <lightning.pytorch.trainer.Trainer>
[2026-06-16 14:23:26,096][__main__][INFO] - [rank: 0] Logging hyperparameters!
[2026-06-16 14:23:26,580][__main__][INFO] - [rank: 0] Starting training!
[2026-06-16 14:33:37,789][utils.utils][INFO] - [rank: 0] Printing config tree with Rich! <cfg.extras.print_config=True>
[2026-06-16 14:33:37,857][__main__][INFO] - [rank: 0] Instantiating model <model.simplefold.SimpleFold>
[2026-06-16 14:34:01,502][__main__][INFO] - [rank: 0] Instantiating datamodule <datasets.train_datamodule.SimpleFoldTrainingDataModule>
[2026-06-16 14:34:01,687][__main__][INFO] - [rank: 0] Instantiating callbacks...
[2026-06-16 14:34:01,687][utils.instantiators][INFO] - [rank: 0] Instantiating callback <lightning.pytorch.callbacks.ModelCheckpoint>
[2026-06-16 14:34:01,689][utils.instantiators][INFO] - [rank: 0] Instantiating callback <lightning.pytorch.callbacks.RichModelSummary>
[2026-06-16 14:34:01,689][__main__][INFO] - [rank: 0] Instantiating loggers...
[2026-06-16 14:34:01,689][utils.instantiators][INFO] - [rank: 0] Instantiating logger <lightning.pytorch.loggers.tensorboard.TensorBoardLogger>
[2026-06-16 14:34:01,693][__main__][INFO] - [rank: 0] Instantiating trainer <lightning.pytorch.trainer.Trainer>
[2026-06-16 14:34:02,178][__main__][INFO] - [rank: 0] Logging hyperparameters!
[2026-06-16 14:34:02,238][__main__][INFO] - [rank: 0] Starting training!
[2026-06-16 14:44:30,414][utils.utils][INFO] - [rank: 0] Printing config tree with Rich! <cfg.extras.print_config=True>
[2026-06-16 14:44:30,563][__main__][INFO] - [rank: 0] Instantiating model <model.simplefold.SimpleFold>
[2026-06-16 14:45:01,314][__main__][INFO] - [rank: 0] Instantiating datamodule <datasets.train_datamodule.SimpleFoldTrainingDataModule>
[2026-06-16 14:45:01,583][__main__][INFO] - [rank: 0] Instantiating callbacks...
[2026-06-16 14:45:01,584][utils.instantiators][INFO] - [rank: 0] Instantiating callback <lightning.pytorch.callbacks.ModelCheckpoint>
[2026-06-16 14:45:01,586][utils.instantiators][INFO] - [rank: 0] Instantiating callback <lightning.pytorch.callbacks.RichModelSummary>
[2026-06-16 14:45:01,586][__main__][INFO] - [rank: 0] Instantiating loggers...
[2026-06-16 14:45:01,587][utils.instantiators][INFO] - [rank: 0] Instantiating logger <lightning.pytorch.loggers.tensorboard.TensorBoardLogger>
[2026-06-16 14:45:01,589][__main__][INFO] - [rank: 0] Instantiating trainer <lightning.pytorch.trainer.Trainer>
[2026-06-16 14:45:02,084][__main__][INFO] - [rank: 0] Logging hyperparameters!
[2026-06-16 14:45:02,569][__main__][INFO] - [rank: 0] Starting training!
[2026-06-16 14:59:02,366][utils.utils][INFO] - [rank: 0] Printing config tree with Rich! <cfg.extras.print_config=True>
[2026-06-16 14:59:02,573][__main__][INFO] - [rank: 0] Instantiating model <model.simplefold.SimpleFold>
[2026-06-16 14:59:34,694][__main__][INFO] - [rank: 0] Instantiating datamodule <datasets.train_datamodule.SimpleFoldTrainingDataModule>
[2026-06-16 14:59:34,950][__main__][INFO] - [rank: 0] Instantiating callbacks...
[2026-06-16 14:59:34,951][utils.instantiators][INFO] - [rank: 0] Instantiating callback <lightning.pytorch.callbacks.ModelCheckpoint>
[2026-06-16 14:59:34,952][utils.instantiators][INFO] - [rank: 0] Instantiating callback <lightning.pytorch.callbacks.RichModelSummary>
[2026-06-16 14:59:34,953][__main__][INFO] - [rank: 0] Instantiating loggers...
[2026-06-16 14:59:34,953][utils.instantiators][INFO] - [rank: 0] Instantiating logger <lightning.pytorch.loggers.tensorboard.TensorBoardLogger>
[2026-06-16 14:59:34,956][__main__][INFO] - [rank: 0] Instantiating trainer <lightning.pytorch.trainer.Trainer>
[2026-06-16 14:59:35,446][__main__][INFO] - [rank: 0] Logging hyperparameters!
[2026-06-16 14:59:36,222][__main__][INFO] - [rank: 0] Starting training!
[2026-06-16 15:03:04,120][utils.utils][INFO] - [rank: 0] Output dir: ./artifacts/
[2026-06-16 15:06:46,396][utils.utils][INFO] - [rank: 0] Printing config tree with Rich! <cfg.extras.print_config=True>
[2026-06-16 15:06:46,570][__main__][INFO] - [rank: 0] Instantiating model <model.simplefold.SimpleFold>
[2026-06-16 15:07:19,034][__main__][INFO] - [rank: 0] Instantiating datamodule <datasets.train_datamodule.SimpleFoldTrainingDataModule>
[2026-06-16 15:07:19,325][__main__][INFO] - [rank: 0] Instantiating callbacks...
[2026-06-16 15:07:19,325][utils.instantiators][INFO] - [rank: 0] Instantiating callback <lightning.pytorch.callbacks.ModelCheckpoint>
[2026-06-16 15:07:19,327][utils.instantiators][INFO] - [rank: 0] Instantiating callback <lightning.pytorch.callbacks.RichModelSummary>
[2026-06-16 15:07:19,327][__main__][INFO] - [rank: 0] Instantiating loggers...
[2026-06-16 15:07:19,328][utils.instantiators][INFO] - [rank: 0] Instantiating logger <lightning.pytorch.loggers.tensorboard.TensorBoardLogger>
[2026-06-16 15:07:19,330][__main__][INFO] - [rank: 0] Instantiating trainer <lightning.pytorch.trainer.Trainer>
[2026-06-16 15:07:19,861][__main__][INFO] - [rank: 0] Logging hyperparameters!
[2026-06-16 15:07:20,536][__main__][INFO] - [rank: 0] Starting training!
[2026-06-16 15:10:44,914][utils.utils][INFO] - [rank: 0] Printing config tree with Rich! <cfg.extras.print_config=True>
[2026-06-16 15:10:45,004][__main__][INFO] - [rank: 0] Instantiating model <model.simplefold.SimpleFold>
[2026-06-16 15:10:50,104][__main__][INFO] - [rank: 0] Instantiating datamodule <datasets.train_datamodule.SimpleFoldTrainingDataModule>
[2026-06-16 15:10:50,264][__main__][INFO] - [rank: 0] Instantiating callbacks...
[2026-06-16 15:10:50,265][utils.instantiators][INFO] - [rank: 0] Instantiating callback <lightning.pytorch.callbacks.ModelCheckpoint>
[2026-06-16 15:10:50,266][utils.instantiators][INFO] - [rank: 0] Instantiating callback <lightning.pytorch.callbacks.RichModelSummary>
[2026-06-16 15:10:50,267][__main__][INFO] - [rank: 0] Instantiating loggers...
[2026-06-16 15:10:50,267][utils.instantiators][INFO] - [rank: 0] Instantiating logger <lightning.pytorch.loggers.tensorboard.TensorBoardLogger>
[2026-06-16 15:10:50,270][__main__][INFO] - [rank: 0] Instantiating trainer <lightning.pytorch.trainer.Trainer>
[2026-06-16 15:10:50,751][__main__][INFO] - [rank: 0] Logging hyperparameters!
[2026-06-16 15:10:50,804][__main__][INFO] - [rank: 0] Starting training!
[2026-06-16 15:11:56,803][utils.utils][INFO] - [rank: 0] Output dir: ./artifacts/
